I (72) esp_image: segment 1: paddr=00037be4 vaddr=3ff80000 size=0001ch (    28) load
I (72) esp_image: segment 2: paddr=00037c08 vaddr=3ffb0000 size=03e98h ( 16024) load
I (78) esp_image: segment 3: paddr=0003baa8 vaddr=40080000 size=04570h ( 17776) load
I (85) esp_image: segment 4: paddr=00040020 vaddr=400d0020 size=7eb08h (518920) map
I (263) esp_image: segment 5: paddr=000beb30 vaddr=40084570 size=131d0h ( 78288) load
I (305) boot: Loaded app from partition at offset 0x20000
I (305) boot: Disabling RNG early entropy source...
I (307) cpu_start: Multicore app
I (315) cpu_start: Pro cpu start user code
I (315) cpu_start: cpu freq: 160000000 Hz
I (315) app_init: Application information:
I (315) app_init: Project name:     csi_recv
I (316) app_init: App version:      1
I (316) app_init: Compile time:     Apr 19 2025 21:43:06
I (317) app_init: ELF file SHA256:  65ecb5942...
I (317) app_init: ESP-IDF:          v5.4.1
I (318) efuse_init: Min chip rev:     v0.0
I (318) efuse_init: Max chip rev:     v3.99 
I (319) efuse_init: Chip rev:         v3.1
I (320) heap_init: Initializing. RAM available for dynamic allocation:
I (320) heap_init: At 3FFAE6E0 len 00001920 (6 KiB): DRAM
I (321) heap_init: At 3FFB8110 len 00027EF0 (159 KiB): DRAM
I (321) heap_init: At 3FFE0440 len 00003AE0 (14 KiB): D/IRAM
I (322) heap_init: At 3FFE4350 len 0001BCB0 (111 KiB): D/IRAM
I (323) heap_init: At 40097740 len 000088C0 (34 KiB): IRAM
I (325) spi_flash: detected chip: generic
I (325) spi_flash: flash io: dio
W (325) spi_flash: Detected size(4096k) larger than the size in the binary image header(2048k). Using the size in the binary image header.
I (327) main_task: Started on CPU0
I (337) main_task: Calling app_main()
I (367) wifi:wifi driver task: 3ffbfd0c, prio:23, stack:6656, core=0
I (377) wifi:wifi firmware version: 79fa3f41ba
I (377) wifi:wifi certification version: v7.0
I (377) wifi:config NVS flash: enabled
I (377) wifi:config nano formatting: disabled
I (377) wifi:Init data frame dynamic rx buffer num: 128
I (377) wifi:Init static rx mgmt buffer num: 5
I (377) wifi:Init management short buffer num: 32
I (377) wifi:Init dynamic tx buffer num: 32
I (377) wifi:Init static rx buffer size: 2212
I (377) wifi:Init static rx buffer num: 10
I (377) wifi:Init dynamic rx buffer num: 128
I (377) wifi_init: rx ba win: 6
I (377) wifi_init: accept mbox: 6
I (377) wifi_init: tcpip mbox: 32
I (377) wifi_init: udp mbox: 6
I (377) wifi_init: tcp mbox: 6
I (377) wifi_init: tcp tx win: 5760
I (377) wifi_init: tcp rx win: 5760
I (377) wifi_init: tcp mss: 1440
I (377) wifi_init: WiFi IRAM OP enabled
I (377) wifi_init: WiFi RX IRAM OP enabled
I (387) phy_init: phy_version 4860,6b7a6e5,Feb  6 2025,14:47:07
I (467) wifi:mode : sta (e4:65:b8:75:54:44)
I (467) wifi:enable tsf
I (467) wifi:Set ps type: 0, coexist: 0

I (467) wifi:enable tsf
I (467) wifi:ic_enable_sniffe
I (467) main_task: Returned from app_main()
I (527) csi_recv: ================ CSI RECV ================
type,id,mac,rssi,rate,sig_mode,mcs,bandwidth,smoothing,not_sounding,aggregation,stbc,fec_coding,sgi,noise_floor,ampdu_cnt,channel,secondary_channel,local_timestamp,ant,sig_len,rx_state,len,first_word,data
